Last login: Wed Sep 10 15:29:53 on ttys000
marselmazen@airsomtormarsel ~ % cd ~/Desktop/Ai\ Trading
open .env
The file /Users/marselmazen/Desktop/Ai Trading/.env does not exist.
marselmazen@airsomtormarsel Ai Trading % cd ~/Desktop/Ai\ Trading
marselmazen@airsomtormarsel Ai Trading % cd ~/Desktop/Ai\ Trading
marselmazen@airsomtormarsel Ai Trading % cd ~/Desktop/Ai\ Tradin 
cd: no such file or directory: /Users/marselmazen/Desktop/Ai Tradin
marselmazen@airsomtormarsel Ai Trading % pwd

/Users/marselmazen/Desktop/Ai Trading
marselmazen@airsomtormarsel Ai Trading % ls -la
total 32
drwxr-xr-x@  4 marselmazen  staff   128 10 Sep 16:40 .
drwx------+ 23 marselmazen  staff   736 10 Sep 16:35 ..
-rw-r--r--@  1 marselmazen  staff  6148 10 Sep 16:45 .DS_Store
-rw-r--r--@  1 marselmazen  staff  4946  8 Sep 18:39 Python script Ai.py
marselmazen@airsomtormarsel Ai Trading % nano .env






  UW PICO 5.09                       File: .env                       Modified  

ALPACA_API_KEY=PKU5T1MER0JD5SUU0YKU
ALPACA_API_SECRET=7k1SmQjUYYjeVaO0Ob18xpcrSNrF0fMbSk1mNi4T
ALPACA_BASE_URL=https://paper-api.alpaca.markets
FINNHUB_API_KEY=d30p7v9r01qnu2qv2140d30p7v9r01qnu2qv214g
TELEGRAM_BOT_TOKEN=7568576560:AAHanJwMiV6nxnyNUsKs0VtwXYZfDbb7JIk
TELEGRAM_CHAT_ID=5882625935
MAX_TICKERS=500
THREADS=12
MIN_VOLUME=1000













^G Get Help  ^O WriteOut  ^R Read File ^Y Prev Pg   ^K Cut Text  ^C Cur Pos   
^X Exit      ^J Justify   ^W Where is  ^V Next Pg   ^U UnCut Text^T To Spell  
